{
    "BTC/USDT": {
        "broker": "FTX",
        "ticker": {
            "ticker": "BTC/USDT",
            "base_ticker": "BTC",
            "quote_ticker": "USDT"
        },
        "purchase_datetime": "2021-08-29T19:49:08.441705",
        "price": 30000.0,
        "side": "sell",
        "size": 0.0006186715060526696,
        "type": "market",
        "status": "TEST_MODE",
        "take_profit": 30900.0,
        "stop_loss": 29100.0,
        "trailing_stop_loss_max": 60000,
        "trailing_stop_loss": 58800.0
    }
}