{
    "BTC/USDT": {
        "broker": "FTX",
        "ticker": {
            "ticker": "BTC/USDT",
            "base_ticker": "BTC",
            "quote_ticker": "USDT"
        },
        "purchase_datetime": "2021-08-29T19:49:08.441705",
        "price": 25000.0,
        "side": "sell",
        "size": 0.0006186715060526696,
        "type": "market",
        "status": "TEST_MODE",
        "take_profit": 25750.0,
        "stop_loss": 24250.0,
        "trailing_stop_loss_max": -Infinity,
        "trailing_stop_loss": 24500.0,
        "profit": -3.093357530263347,
        "profit_percent": -16.666666666666664,
        "sold_datetime": "2021-10-24T16:36:53.328579"
    }
}