{
    "BTC/USDT": {
        "broker": "FTX",
        "ticker": {
            "ticker": "BTC/USDT",
            "base_ticker": "BTC",
            "quote_ticker": "USDT"
        },
        "purchase_datetime": "2021-08-29T19:49:08.441705",
        "price": 60000.0,
        "side": "sell",
        "size": 0.0006186715060526696,
        "type": "market",
        "status": "TEST_MODE",
        "take_profit": 61800.0,
        "stop_loss": 58200.0,
        "trailing_stop_loss_max": -Infinity,
        "trailing_stop_loss": 58800.0,
        "profit": 7.0078590624486985,
        "profit_percent": 23.272312329968262,
        "sold_datetime": "2021-09-20T18:45:07.005210"
    }
}